==26149== Memcheck, a memory error detector
==26149== Copyright (C) 2002-2017, and GNU GPL'd, by Julian Seward et al.
==26149== Using Valgrind-3.16.1 and LibVEX; rerun with -h for copyright info
==26149== Command: ./main.exec
==26149== Parent PID: 26121
==26149== 
==26149== Invalid read of size 8
==26149==    at 0x401D704: strncmp (strcmp.S:175)
==26149==    by 0x400604D: is_dst (dl-load.c:209)
==26149==    by 0x4008566: _dl_dst_count (dl-load.c:246)
==26149==    by 0x4008757: expand_dynamic_string_token (dl-load.c:388)
==26149==    by 0x40088D1: fillin_rpath.isra.0 (dl-load.c:460)
==26149==    by 0x4008BE1: decompose_rpath (dl-load.c:631)
==26149==    by 0x4009745: cache_rpath (dl-load.c:673)
==26149==    by 0x4009745: cache_rpath (dl-load.c:654)
==26149==    by 0x4009745: _dl_map_object (dl-load.c:2074)
==26149==    by 0x400DDC0: openaux (dl-deps.c:64)
==26149==    by 0x4EAEA8F: _dl_catch_exception (dl-error-skeleton.c:208)
==26149==    by 0x400E138: _dl_map_object_deps (dl-deps.c:248)
==26149==    by 0x4013DAA: dl_open_worker (dl-open.c:571)
==26149==    by 0x4EAEA8F: _dl_catch_exception (dl-error-skeleton.c:208)
==26149==  Address 0x63e5409 is 9 bytes inside a block of size 15 alloc'd
==26149==    at 0x483877F: malloc (vg_replace_malloc.c:307)
==26149==    by 0x401C26A: strdup (strdup.c:42)
==26149==    by 0x4008B74: decompose_rpath (dl-load.c:606)
==26149==    by 0x4009745: cache_rpath (dl-load.c:673)
==26149==    by 0x4009745: cache_rpath (dl-load.c:654)
==26149==    by 0x4009745: _dl_map_object (dl-load.c:2074)
==26149==    by 0x400DDC0: openaux (dl-deps.c:64)
==26149==    by 0x4EAEA8F: _dl_catch_exception (dl-error-skeleton.c:208)
==26149==    by 0x400E138: _dl_map_object_deps (dl-deps.c:248)
==26149==    by 0x4013DAA: dl_open_worker (dl-open.c:571)
==26149==    by 0x4EAEA8F: _dl_catch_exception (dl-error-skeleton.c:208)
==26149==    by 0x40138F9: _dl_open (dl-open.c:837)
==26149==    by 0x4A46257: dlopen_doit (dlopen.c:66)
==26149==    by 0x4EAEA8F: _dl_catch_exception (dl-error-skeleton.c:208)
==26149== 
==26149== Invalid read of size 8
==26149==    at 0x401D704: strncmp (strcmp.S:175)
==26149==    by 0x400604D: is_dst (dl-load.c:209)
==26149==    by 0x400861E: _dl_dst_substitute (dl-load.c:288)
==26149==    by 0x40088D1: fillin_rpath.isra.0 (dl-load.c:460)
==26149==    by 0x4008BE1: decompose_rpath (dl-load.c:631)
==26149==    by 0x4009745: cache_rpath (dl-load.c:673)
==26149==    by 0x4009745: cache_rpath (dl-load.c:654)
==26149==    by 0x4009745: _dl_map_object (dl-load.c:2074)
==26149==    by 0x400DDC0: openaux (dl-deps.c:64)
==26149==    by 0x4EAEA8F: _dl_catch_exception (dl-error-skeleton.c:208)
==26149==    by 0x400E138: _dl_map_object_deps (dl-deps.c:248)
==26149==    by 0x4013DAA: dl_open_worker (dl-open.c:571)
==26149==    by 0x4EAEA8F: _dl_catch_exception (dl-error-skeleton.c:208)
==26149==    by 0x40138F9: _dl_open (dl-open.c:837)
==26149==  Address 0x63e5409 is 9 bytes inside a block of size 15 alloc'd
==26149==    at 0x483877F: malloc (vg_replace_malloc.c:307)
==26149==    by 0x401C26A: strdup (strdup.c:42)
==26149==    by 0x4008B74: decompose_rpath (dl-load.c:606)
==26149==    by 0x4009745: cache_rpath (dl-load.c:673)
==26149==    by 0x4009745: cache_rpath (dl-load.c:654)
==26149==    by 0x4009745: _dl_map_object (dl-load.c:2074)
==26149==    by 0x400DDC0: openaux (dl-deps.c:64)
==26149==    by 0x4EAEA8F: _dl_catch_exception (dl-error-skeleton.c:208)
==26149==    by 0x400E138: _dl_map_object_deps (dl-deps.c:248)
==26149==    by 0x4013DAA: dl_open_worker (dl-open.c:571)
==26149==    by 0x4EAEA8F: _dl_catch_exception (dl-error-skeleton.c:208)
==26149==    by 0x40138F9: _dl_open (dl-open.c:837)
==26149==    by 0x4A46257: dlopen_doit (dlopen.c:66)
==26149==    by 0x4EAEA8F: _dl_catch_exception (dl-error-skeleton.c:208)
==26149== 
==26149== 
==26149== HEAP SUMMARY:
==26149==     in use at exit: 223,092 bytes in 3,056 blocks
==26149==   total heap usage: 120,200 allocs, 117,144 frees, 58,562,981 bytes allocated
==26149== 
==26149== LEAK SUMMARY:
==26149==    definitely lost: 0 bytes in 0 blocks
==26149==    indirectly lost: 0 bytes in 0 blocks
==26149==      possibly lost: 304 bytes in 2 blocks
==26149==    still reachable: 222,788 bytes in 3,054 blocks
==26149==         suppressed: 0 bytes in 0 blocks
==26149== Rerun with --leak-check=full to see details of leaked memory
==26149== 
==26149== For lists of detected and suppressed errors, rerun with: -s
==26149== ERROR SUMMARY: 2 errors from 2 contexts (suppressed: 0 from 0)
